#-----------------------------------------------------------
# Vivado v2019.2 (64-bit)
# SW Build 2708876 on Wed Nov  6 21:40:23 MST 2019
# IP Build 2700528 on Thu Nov  7 00:09:20 MST 2019
# Start of session at: Wed Dec  4 11:49:38 2024
# Process ID: 19932
# Current directory: C:/Users/A/Desktop/EDA234/THERMO
# Command line: vivado.exe -gui_launcher_event rodinguilauncherevent19612 C:\Users\A\Desktop\EDA234\THERMO\THERMO.xpr
# Log file: C:/Users/A/Desktop/EDA234/THERMO/vivado.log
# Journal file: C:/Users/A/Desktop/EDA234/THERMO\vivado.jou
#-----------------------------------------------------------
start_guioopen_project C:/Users/A/Desktop/EDA234/THERMO/THERMO.xpruupdate_compile_order -fileset sources_1open_hw_manager
connect_hw_server -allow_non_jtag
open_hw_target
set_property PROGRAM.FILE {C:/Users/A/Desktop/EDA234/THERMO/THERMO.runs/impl_1/top.bit} [get_hw_devices xc7a100t_0]
set_property PROBES.FILE {C:/Users/A/Desktop/EDA234/THERMO/THERMO.runs/impl_1/top.ltx} [get_hw_devices xc7a100t_0]
set_property FULL_PROBES.FILE {C:/Users/A/Desktop/EDA234/THERMO/THERMO.runs/impl_1/top.ltx} [get_hw_devices xc7a100t_0]
current_hw_device [get_hw_devices xc7a100t_0]
refresh_hw_device [lindex [get_hw_devices xc7a100t_0] 0]
set_property PROBES.FILE {C:/Users/A/Desktop/EDA234/THERMO/THERMO.runs/impl_1/top.ltx} [get_hw_devices xc7a100t_0]
set_property FULL_PROBES.FILE {C:/Users/A/Desktop/EDA234/THERMO/THERMO.runs/impl_1/top.ltx} [get_hw_devices xc7a100t_0]
set_property PROGRAM.FILE {C:/Users/A/Desktop/EDA234/THERMO/THERMO.runs/impl_1/top.bit} [get_hw_devices xc7a100t_0]
program_hw_devices [get_hw_devices xc7a100t_0]
refresh_hw_device [lindex [get_hw_devices xc7a100t_0] 0]
close_hw_manager
open_hw_manager
connect_hw_server -allow_non_jtag
open_hw_target
set_property PROGRAM.FILE {C:/Users/A/Desktop/EDA234/THERMO/THERMO.runs/impl_1/top.bit} [get_hw_devices xc7a100t_0]
set_property PROBES.FILE {C:/Users/A/Desktop/EDA234/THERMO/THERMO.runs/impl_1/top.ltx} [get_hw_devices xc7a100t_0]
set_property FULL_PROBES.FILE {C:/Users/A/Desktop/EDA234/THERMO/THERMO.runs/impl_1/top.ltx} [get_hw_devices xc7a100t_0]
current_hw_device [get_hw_devices xc7a100t_0]
refresh_hw_device [lindex [get_hw_devices xc7a100t_0] 0]
set_property PROBES.FILE {C:/Users/A/Desktop/EDA234/THERMO/THERMO.runs/impl_1/top.ltx} [get_hw_devices xc7a100t_0]
set_property FULL_PROBES.FILE {C:/Users/A/Desktop/EDA234/THERMO/THERMO.runs/impl_1/top.ltx} [get_hw_devices xc7a100t_0]
set_property PROGRAM.FILE {C:/Users/A/Desktop/EDA234/THERMO/THERMO.runs/impl_1/top.bit} [get_hw_devices xc7a100t_0]
program_hw_devices [get_hw_devices xc7a100t_0]
refresh_hw_device [lindex [get_hw_devices xc7a100t_0] 0]
set_property INPUT_VALUE_RADIX UNSIGNED [get_hw_probes wire_ADT7420_DATA -of_objects [get_hw_vios -of_objects [get_hw_devices xc7a100t_0] -filter {CELL_NAME=~"print"}]]
set_property INPUT_VALUE_RADIX BINARY [get_hw_probes temp_top_inst/tLSB -of_objects [get_hw_vios -of_objects [get_hw_devices xc7a100t_0] -filter {CELL_NAME=~"temp_top_inst/temp_virtua_probe2"}]]
set_property INPUT_VALUE_RADIX UNSIGNED [get_hw_probes temp_top_inst/wire_temp_data -of_objects [get_hw_vios -of_objects [get_hw_devices xc7a100t_0] -filter {CELL_NAME=~"temp_top_inst/temp_virtua_probe0"}]]
set_property PROBES.FILE {C:/Users/A/Desktop/EDA234/THERMO/THERMO.runs/impl_1/top.ltx} [get_hw_devices xc7a100t_0]
set_property FULL_PROBES.FILE {C:/Users/A/Desktop/EDA234/THERMO/THERMO.runs/impl_1/top.ltx} [get_hw_devices xc7a100t_0]
set_property PROGRAM.FILE {C:/Users/A/Desktop/EDA234/THERMO/THERMO.runs/impl_1/top.bit} [get_hw_devices xc7a100t_0]
program_hw_devices [get_hw_devices xc7a100t_0]
refresh_hw_device [lindex [get_hw_devices xc7a100t_0] 0]
